// Vitest Snapshot v1, https://vitest.dev/guide/snapshot.html

exports[`snapshot UI testing of CardComponent.vue 1`] = `""`;
