// Vitest Snapshot v1, https://vitest.dev/guide/snapshot.html

exports[`snapshot UI testing of RickMortyCard.vue 1`] = `"Rick Sanchezid: 1- STATUSAliveSPECIESHumanGENDERMaleORIGINEarth (C-137)LAST LOCATIONCitadel of Ricks"`;
