// Vitest Snapshot v1, https://vitest.dev/guide/snapshot.html

exports[`snapshot UI testing of SearchComponent.vue 1`] = `"Search By Name Search"`;
